ERROR:
Windows 10
HTTP Status Code 404

SOLUTION:
restart service, reboot system
-----------------------------------------------------------------------------------------------------------------------------------------------------------------
